\BOOKMARK [1][-]{section.1}{\376\377\000C\000o\000n\000v\000e\000n\000t\000i\000o\000n\000\040\000C\000e\000n\000t\000r\000e}{}% 1
\BOOKMARK [1][-]{section.2}{\376\377\000G\000e\000n\000e\000r\000a\000l\000\040\000P\000i\000c\000t\000u\000r\000e\000\040\000o\000f\000\040\000B\000C\000F\000T}{}% 2
\BOOKMARK [2][-]{subsection.2.1}{\376\377\000B\000C\000F\000T\000\040\000o\000n\000\040\000U\000p\000p\000e\000r\000\040\000H\000a\000l\000f\000\040\000P\000l\000a\000n\000e}{section.2}% 3
\BOOKMARK [2][-]{subsection.2.2}{\376\377\000C\000o\000n\000f\000o\000r\000m\000a\000l\000\040\000T\000r\000a\000n\000s\000f\000o\000r\000m\000a\000t\000i\000o\000n\000\040\000o\000n\000\040\000U\000H\000P}{section.2}% 4
\BOOKMARK [1][-]{section.3}{\376\377\000B\000C\000F\000T\000\040\000i\000n\000\040\000P\000a\000t\000h\000\040\000I\000n\000t\000e\000g\000r\000a\000l\000\040\000F\000o\000r\000m\000a\000l\000i\000s\000m}{}% 5
\BOOKMARK [2][-]{subsection.3.1}{\376\377\000C\000o\000n\000f\000o\000r\000m\000a\000l\000\040\000B\000o\000u\000n\000d\000a\000r\000y\000\040\000C\000o\000n\000d\000i\000t\000i\000o\000n\000s}{section.3}% 6
\BOOKMARK [3][-]{subsubsection.3.1.1}{\376\377\000G\000e\000n\000e\000r\000a\000l\000\040\000B\000o\000u\000n\000d\000a\000r\000y\000\040\000C\000o\000n\000d\000i\000t\000i\000o\000n\000s}{subsection.3.1}% 7
\BOOKMARK [3][-]{subsubsection.3.1.2}{\376\377\000C\000o\000n\000f\000o\000r\000m\000a\000l\000\040\000B\000o\000u\000n\000d\000a\000r\000y\000\040\000C\000o\000n\000d\000i\000t\000i\000o\000n}{subsection.3.1}% 8
\BOOKMARK [3][-]{subsubsection.3.1.3}{\376\377\000B\000o\000u\000n\000d\000a\000r\000y\000\040\000C\000o\000n\000d\000i\000t\000i\000o\000n\000s}{subsection.3.1}% 9
\BOOKMARK [2][-]{subsection.3.2}{\376\377\000W\000a\000r\000d\000\040\000I\000d\000e\000n\000t\000i\000t\000i\000e\000s\000\040\000w\000i\000t\000h\000\040\000B\000o\000u\000n\000d\000a\000r\000y}{section.3}% 10
\BOOKMARK [3][-]{subsubsection.3.2.1}{\376\377\000A\000n\000a\000l\000y\000t\000i\000c\000a\000l\000\040\000C\000o\000n\000t\000i\000n\000u\000a\000t\000i\000o\000n\000\040\000T\000r\000i\000c\000k}{subsection.3.2}% 11
\BOOKMARK [3][-]{subsubsection.3.2.2}{\376\377\000C\000o\000n\000f\000o\000r\000m\000a\000l\000\040\000W\000a\000r\000d\000\040\000I\000d\000e\000n\000t\000i\000t\000y\000\040\000o\000n\000\040\000U\000H\000P}{subsection.3.2}% 12
\BOOKMARK [2][-]{subsection.3.3}{\376\377\000T\000h\000e\000\040\000M\000e\000t\000h\000o\000d\000\040\000o\000f\000\040\000I\000m\000a\000g\000e\000s\000\040\000\050\000D\000o\000u\000b\000l\000i\000n\000g\000\040\000T\000r\000i\000c\000k\000\051}{section.3}% 13
\BOOKMARK [1][-]{section.4}{\376\377\000B\000C\000F\000T\000\040\000i\000n\000\040\000C\000a\000n\000o\000n\000i\000c\000a\000l\000\040\000F\000o\000r\000m\000a\000l\000i\000s\000m}{}% 14
\BOOKMARK [2][-]{subsection.4.1}{\376\377\000R\000a\000d\000i\000a\000l\000\040\000Q\000u\000a\000n\000t\000i\000z\000a\000t\000i\000o\000n\000\040\000w\000i\000t\000h\000\040\000B\000o\000u\000n\000d\000a\000r\000y}{section.4}% 15
\BOOKMARK [3][-]{subsubsection.4.1.1}{\376\377\000S\000y\000m\000m\000e\000t\000r\000y\000\040\000A\000l\000g\000e\000b\000r\000a\000\040\000w\000i\000t\000h\000\040\000B\000o\000u\000n\000d\000a\000r\000y}{subsection.4.1}% 16
\BOOKMARK [3][-]{subsubsection.4.1.2}{\376\377\000H\000a\000m\000i\000l\000t\000o\000n\000i\000a\000n\000\040\000o\000n\000\040\000a\000\040\000s\000e\000m\000i\000-\000c\000i\000r\000c\000l\000e}{subsection.4.1}% 17
\BOOKMARK [3][-]{subsubsection.4.1.3}{\376\377\000H\000i\000l\000b\000e\000r\000t\000\040\000S\000p\000a\000c\000e\000\040\000S\000t\000r\000u\000c\000t\000u\000r\000e\000\040\000w\000i\000t\000h\000\040\000B\000o\000u\000n\000d\000a\000r\000y}{subsection.4.1}% 18
\BOOKMARK [2][-]{subsection.4.2}{\376\377\000B\000o\000u\000n\000d\000a\000r\000y\000\040\000O\000p\000e\000r\000a\000t\000o\000r\000s}{section.4}% 19
\BOOKMARK [3][-]{subsubsection.4.2.1}{\376\377\000B\000o\000u\000n\000d\000a\000r\000y\000\040\000O\000p\000e\000r\000a\000t\000o\000r\000s}{subsection.4.2}% 20
\BOOKMARK [3][-]{subsubsection.4.2.2}{\376\377\000B\000u\000l\000k\000-\000B\000o\000u\000n\000d\000a\000r\000y\000\040\000O\000P\000E}{subsection.4.2}% 21
\BOOKMARK [2][-]{subsection.4.3}{\376\377\000H\000i\000l\000b\000e\000r\000t\000\040\000S\000p\000a\000c\000e\000\040\000f\000r\000o\000m\000\040\000B\000o\000u\000n\000d\000a\000r\000y\000\040\000F\000i\000e\000l\000d\000s}{section.4}% 22
\BOOKMARK [2][-]{subsection.4.4}{\376\377\000C\000F\000T\000\040\000o\000n\000\040\000a\000\040\000S\000t\000r\000i\000p}{section.4}% 23
\BOOKMARK [3][-]{subsubsection.4.4.1}{\376\377\000T\000r\000a\000n\000s\000f\000o\000r\000m\000\040\000t\000o\000\040\000a\000\040\000S\000t\000r\000i\000p}{subsection.4.4}% 24
\BOOKMARK [3][-]{subsubsection.4.4.2}{\376\377\000H\000a\000m\000i\000l\000t\000o\000n\000i\000a\000n\000\040\000o\000n\000\040\000a\000\040\000S\000t\000r\000i\000p}{subsection.4.4}% 25
\BOOKMARK [2][-]{subsection.4.5}{\376\377\000B\000o\000u\000n\000d\000a\000r\000y\000\040\000C\000o\000n\000d\000i\000t\000i\000o\000n\000\040\000C\000h\000a\000n\000g\000i\000n\000g\000\040\000O\000p\000e\000r\000a\000t\000o\000r\000s}{section.4}% 26
\BOOKMARK [3][-]{subsubsection.4.5.1}{\376\377\000B\000o\000u\000n\000d\000a\000r\000y\000\040\000C\000o\000n\000d\000i\000t\000i\000o\000n\000\040\000C\000h\000a\000n\000g\000i\000n\000g\000\040\000O\000p\000e\000r\000a\000t\000o\000r\000s}{subsection.4.5}% 27
\BOOKMARK [3][-]{subsubsection.4.5.2}{\376\377\000H\000i\000l\000b\000e\000r\000t\000\040\000S\000p\000a\000c\000e\000\040\000w\000i\000t\000h\000\040\0002\000\040\000B\000o\000u\000n\000d\000a\000r\000i\000e\000s}{subsection.4.5}% 28
\BOOKMARK [3][-]{subsubsection.4.5.3}{\376\377\000S\000t\000a\000t\000e\000-\000O\000p\000e\000r\000a\000t\000o\000r\000\040\000C\000o\000r\000r\000e\000s\000p\000o\000n\000d\000e\000n\000c\000e}{subsection.4.5}% 29
\BOOKMARK [3][-]{subsubsection.4.5.4}{\376\377\000H\000o\000w\000\040\000t\000o\000\040\000t\000h\000i\000n\000k\000\040\000a\000b\000o\000u\000t\000\040\000B\000C\000C\000O}{subsection.4.5}% 30
\BOOKMARK [1][-]{section.5}{\376\377\000B\000o\000u\000n\000d\000a\000r\000y\000\040\000C\000o\000n\000d\000i\000t\000i\000o\000n\000s\000\040\000o\000f\000\040\000B\000C\000F\000T}{}% 31
\BOOKMARK [2][-]{subsection.5.1}{\376\377\000P\000a\000r\000t\000i\000t\000i\000o\000n\000\040\000F\000u\000n\000c\000t\000i\000o\000n\000\040\000o\000f\000\040\000B\000C\000F\000T\000\040\000o\000n\000\040\000a\000\040\000S\000t\000r\000i\000p}{section.5}% 32
\BOOKMARK [3][-]{subsubsection.5.1.1}{\376\377\000P\000a\000r\000t\000i\000t\000i\000o\000n\000\040\000F\000u\000n\000c\000t\000i\000o\000n\000\040\000o\000n\000\040\000a\000\040\000S\000t\000r\000i\000p}{subsection.5.1}% 33
\BOOKMARK [3][-]{subsubsection.5.1.2}{\376\377\000C\000h\000a\000r\000a\000c\000t\000e\000r\000s\000\040\000o\000f\000\040\000V\000i\000r\000a\000s\000o\000r\000o\000\040\000A\000l\000g\000e\000b\000r\000a}{subsection.5.1}% 34
\BOOKMARK [2][-]{subsection.5.2}{\376\377\000C\000F\000T\000\040\000o\000n\000\040\000a\000\040\000\050\000c\000h\000o\000p\000e\000d\000\051\000\040\000C\000y\000l\000i\000n\000d\000e\000r}{section.5}% 35
\BOOKMARK [3][-]{subsubsection.5.2.1}{\376\377\000T\000r\000a\000n\000s\000f\000o\000r\000m\000a\000t\000i\000o\000n\000\040\000t\000o\000\040\000a\000\040\000C\000y\000l\000i\000n\000d\000e\000r}{subsection.5.2}% 36
\BOOKMARK [3][-]{subsubsection.5.2.2}{\376\377\000H\000a\000m\000i\000l\000t\000o\000n\000i\000a\000n\000\040\000o\000f\000\040\000P\000a\000r\000e\000n\000t\000\040\000C\000F\000T\000\040\000o\000n\000\040\000a\000\040\000C\000y\000l\000i\000n\000d\000e\000r}{subsection.5.2}% 37
\BOOKMARK [3][-]{subsubsection.5.2.3}{\376\377\000P\000a\000r\000t\000i\000t\000i\000o\000n\000\040\000F\000u\000n\000c\000t\000i\000o\000n\000\040\000o\000f\000\040\000a\000\040\000b\000o\000u\000n\000d\000a\000r\000y\000\040\000P\000a\000r\000e\000n\000t\000\040\000C\000F\000T\000\040\000o\000n\000\040\000a\000\040\000C\000y\000l\000i\000n\000d\000e\000r}{subsection.5.2}% 38
\BOOKMARK [3][-]{subsubsection.5.2.4}{\376\377\000I\000s\000h\000i\000b\000a\000s\000h\000i\000\040\000S\000t\000a\000t\000e\000s}{subsection.5.2}% 39
\BOOKMARK [2][-]{subsection.5.3}{\376\377\000B\000o\000u\000n\000d\000a\000r\000y\000\040\000S\000t\000a\000t\000e\000\040\000F\000o\000r\000m\000a\000l\000i\000s\000m}{section.5}% 40
\BOOKMARK [3][-]{subsubsection.5.3.1}{\376\377\000D\000e\000f\000i\000n\000i\000t\000i\000o\000n\000\040\000o\000f\000\040\000B\000o\000u\000n\000d\000a\000r\000y\000\040\000S\000t\000a\000t\000e}{subsection.5.3}% 41
\BOOKMARK [3][-]{subsubsection.5.3.2}{\376\377\000C\000a\000r\000d\000y\000\040\000C\000o\000n\000d\000i\000t\000i\000o\000n}{subsection.5.3}% 42
\BOOKMARK [1][-]{section.6}{\376\377\000S\000u\000m\000m\000a\000r\000y\000:\000\040\000B\000C\000F\000T\000\040\000a\000s\000\040\000a\000\040\000B\000o\000o\000t\000s\000t\000r\000a\000p\000p\000e\000d\000\040\000T\000h\000e\000o\000r\000y}{}% 43
