\BOOKMARK [1][-]{section.1}{\376\377\000L\000e\000c\000t\000u\000r\000e\000\040\0001}{}% 1
\BOOKMARK [2][-]{subsection.1.1}{\376\377\201\352\165\061\174\222\133\120\116\016\214\020\143\057\133\120\166\204\221\317\133\120\176\317\121\170\133\371\136\224}{section.1}% 2
\BOOKMARK [2][-]{subsection.1.2}{\376\377\221\317\133\120\140\001\166\204\133\214\131\007\140\047\147\141\116\366\124\214\137\122\116\000\123\026\166\204\116\044\171\315\000c\000o\000n\000v\000e\000n\000t\000i\000o\000n}{section.1}% 3
\BOOKMARK [2][-]{subsection.1.3}{\376\377\000Q\000u\000e\000s\000t\000i\000o\000n\000s\000\040\000a\000n\000d\000\040\000t\000h\000o\000u\000g\000h\000t\000s}{section.1}% 4
\BOOKMARK [1][-]{section.2}{\376\377\000L\000e\000c\000t\000u\000r\000e\000\040\0002}{}% 5
\BOOKMARK [2][-]{subsection.2.1}{\376\377\000C\000o\000h\000e\000r\000e\000n\000t\000\040\000S\000t\000a\000t\000e\116\016\176\317\121\170\214\020\143\057\133\120\133\371\136\224}{section.2}% 6
\BOOKMARK [2][-]{subsection.2.2}{\376\377\000Q\000u\000e\000s\000t\000i\000o\000n\000s\000\040\000a\000n\000d\000\040\000t\000h\000o\000u\000g\000h\000t\000s}{section.2}% 7
\BOOKMARK [1][-]{section.3}{\376\377\000L\000e\000c\000t\000u\000r\000e\000\040\0003\377\032\000W\000K\000B\217\321\117\074\127\372\170\100}{}% 8
\BOOKMARK [2][-]{subsection.3.1}{\376\377\123\112\176\317\121\170\154\342\121\375\145\160\116\345\123\312\217\321\117\074\147\141\116\366}{section.3}% 9
\BOOKMARK [2][-]{subsection.3.2}{\376\377\000Q\000u\000e\000s\000t\000i\000o\000n\000s\000\040\000a\000n\000d\000\040\000t\000h\000o\000u\000g\000h\000t\000s}{section.3}% 10
\BOOKMARK [1][-]{section.4}{\376\377\000L\000e\000c\000t\000u\000r\000e\000\040\0004\377\032\000W\000K\000B\217\321\117\074\116\345\123\312\000m\000a\000t\000c\000h\000i\000n\000g}{}% 11
\BOOKMARK [2][-]{subsection.4.1}{\376\377\000T\000a\000k\000e\000\040\000h\000o\000m\000e\000\040\000m\000e\000s\000s\000a\000g\000e\000s}{section.4}% 12
\BOOKMARK [2][-]{subsection.4.2}{\376\377\000Q\000u\000e\000s\000t\000i\000o\000n\000s\000\040\000a\000n\000d\000\040\000t\000h\000o\000u\000g\000h\000t\000s}{section.4}% 13
\BOOKMARK [1][-]{section.5}{\376\377\000L\000e\000c\000t\000u\000r\000e\000\040\0005\377\032\000W\000K\000B\217\321\117\074\124\004\171\315\136\224\165\050}{}% 14
\BOOKMARK [2][-]{subsection.5.1}{\376\377\000W\000K\000B\217\321\117\074\166\204\136\224\165\050}{section.5}% 15
\BOOKMARK [3][-]{subsubsection.5.1.1}{\376\377\136\224\165\050\0001\000:\000P\000l\000a\000n\000c\000k\000\040\000F\000o\000r\000m\000u\000l\000a}{subsection.5.1}% 16
\BOOKMARK [3][-]{subsubsection.5.1.2}{\376\377\136\224\165\050\0002\000:\116\000\202\054\122\277\127\222\226\247\172\177}{subsection.5.1}% 17
\BOOKMARK [3][-]{subsubsection.5.1.3}{\376\377\136\224\165\050\0003\000:\000m\000e\000t\000a\000s\000t\000a\000b\000l\000e\000\040\000s\000t\000a\000t\000e\166\204\000l\000i\000f\000e\000t\000i\000m\000e}{subsection.5.1}% 18
\BOOKMARK [3][-]{subsubsection.5.1.4}{\376\377\136\224\165\050\0004\000:\000\040\000D\000o\000u\000b\000l\000e\000\040\000W\000e\000l\000l\000\040\000p\000o\000t\000e\000n\000t\000i\000a\000l\166\204\147\054\137\201\140\001\200\375\176\247\135\356}{subsection.5.1}% 19
\BOOKMARK [2][-]{subsection.5.2}{\376\377\000Q\000u\000e\000s\000t\000i\000o\000n\000s\000\040\000a\000n\000d\000\040\000T\000h\000o\000u\000g\000h\000t\000s}{section.5}% 20
\BOOKMARK [1][-]{section.6}{\376\377\000L\000e\000c\000t\000u\000r\000e\000\040\0006\000:\000\040\176\317\121\170\145\143\134\004\164\006\213\272\116\345\123\312\221\317\133\120\145\143\134\004\127\372\170\100}{}% 21
\BOOKMARK [2][-]{subsection.6.1}{\376\377\176\317\121\170\145\143\134\004\164\006\213\272}{section.6}% 22
\BOOKMARK [3][-]{subsubsection.6.1.1}{\376\377\176\317\121\170\145\143\134\004\164\006\213\272\127\372\170\100}{subsection.6.1}% 23
\BOOKMARK [3][-]{subsubsection.6.1.2}{\376\377\145\143\134\004\142\052\227\142}{subsection.6.1}% 24
\BOOKMARK [3][-]{subsubsection.6.1.3}{\376\377\174\222\133\120\170\260\144\236\145\143\134\004\164\006\213\272}{subsection.6.1}% 25
\BOOKMARK [2][-]{subsection.6.2}{\376\377\221\317\133\120\145\143\134\004\164\006\213\272\127\372\170\100}{section.6}% 26
\BOOKMARK [3][-]{subsubsection.6.2.1}{\376\377\221\317\133\120\145\143\134\004\164\006\213\272\000s\000e\000t\000\040\000u\000p}{subsection.6.2}% 27
\BOOKMARK [3][-]{subsubsection.6.2.2}{\376\377\000S\167\351\226\065}{subsection.6.2}% 28
\BOOKMARK [2][-]{subsection.6.3}{\376\377\000Q\000u\000e\000s\000t\000i\000o\000n\000s\000\040\000a\000n\000d\000\040\000T\000h\000o\000u\000g\000h\000t\000s}{section.6}% 29
\BOOKMARK [1][-]{section.7}{\376\377\000L\000e\000c\000t\000u\000r\000e\000\040\0007\000:\000\040\221\317\133\120\145\143\134\004\164\006\213\272\150\106\147\266}{}% 30
\BOOKMARK [2][-]{subsection.7.1}{\376\377\000I\000n\000t\000e\000r\000a\000c\000t\000i\000o\000n\000\040\000p\000i\000c\000t\000u\000r\000e\133\371\116\216\000S\167\351\226\065\143\317\217\360}{section.7}% 31
\BOOKMARK [2][-]{subsection.7.2}{\376\377\000P\000r\000o\000p\000e\000r\000t\000i\000e\000s\000\040\000o\000f\000\040\000M\000o\000l\000l\000e\000r\000\040\000o\000p\000e\000r\000a\000t\000o\000r\000s\000\040\000a\000n\000d\000\040\000S\000\040\000m\000a\000t\000r\000i\000x}{section.7}% 32
\BOOKMARK [2][-]{subsection.7.3}{\376\377\000Q\000u\000e\000s\000t\000i\000o\000n\000s\000\040\000a\000n\000d\000\040\000t\000h\000o\000u\000g\000h\000t\000s}{section.7}% 33
\BOOKMARK [1][-]{section.8}{\376\377\000L\000e\000c\000t\000u\000r\000e\000\040\0008\000:\000\040\000S\000-\000M\000a\000t\000r\000i\000x\000\040\116\345\123\312\145\143\134\004\123\357\211\302\155\113\221\317}{}% 34
\BOOKMARK [2][-]{subsection.8.1}{\376\377\221\317\133\120\145\143\134\004\225\356\230\230\166\204\000s\000e\000t\000\040\000u\000p}{section.8}% 35
\BOOKMARK [2][-]{subsection.8.2}{\376\377\000D\000i\000f\000f\000e\000r\000e\000n\000t\000i\000a\000l\000\040\000C\000r\000o\000s\000s\000\040\000S\000e\000c\000t\000i\000o\000n\000\040\000a\000n\000d\000\040\000S\000c\000a\000t\000t\000e\000r\000i\000n\000g\000\040\000A\000m\000p\000l\000i\000t\000u\000d\000e}{section.8}% 36
\BOOKMARK [2][-]{subsection.8.3}{\376\377\000O\000p\000t\000i\000c\000a\000l\000\040\000T\000h\000e\000o\000r\000e\000m}{section.8}% 37
\BOOKMARK [2][-]{subsection.8.4}{\376\377\145\160\133\146\142\200\135\347}{section.8}% 38
\BOOKMARK [3][-]{subsubsection.8.4.1}{\376\377\000D\000e\000l\000t\000a\121\375\145\160\117\177\165\050}{subsection.8.4}% 39
\BOOKMARK [3][-]{subsubsection.8.4.2}{\376\377\000G\000r\000e\000e\000n\000\040\121\375\145\160\117\177\165\050}{subsection.8.4}% 40
\BOOKMARK [2][-]{subsection.8.5}{\376\377\000Q\000u\000e\000s\000t\000i\000o\000n\000s\000\040\000a\000n\000d\000\040\000t\000h\000o\000u\000g\000h\000t\000s}{section.8}% 41
\BOOKMARK [1][-]{section.9}{\376\377\000L\000e\000c\000t\000u\000r\000e\000\040\0009\000:\000\040\145\143\134\004\000G\000r\000e\000e\000n\121\375\145\160\145\271\154\325\116\016\000B\000o\000r\000n\217\321\117\074}{}% 42
\BOOKMARK [2][-]{subsection.9.1}{\376\377\000M\000o\000l\000l\000e\000r\000\040\000O\000p\000e\000r\000a\000t\000o\000r\166\204\000G\000r\000e\000e\000n\000\040\000F\000u\000n\000c\000t\000i\000o\000n\145\271\154\325}{section.9}% 43
\BOOKMARK [2][-]{subsection.9.2}{\376\377\000G\000r\000e\000e\000n\000\040\121\375\145\160\122\060\000T\167\351\226\065\121\215\122\060\145\143\134\004\143\057\136\105}{section.9}% 44
\BOOKMARK [3][-]{subsubsection.9.2.1}{\376\377\000G\000r\000e\000e\000n\121\375\145\160\166\204\176\323\147\204}{subsection.9.2}% 45
\BOOKMARK [3][-]{subsubsection.9.2.2}{\376\377\000T\167\351\226\065\116\016\145\143\134\004\143\057\136\105}{subsection.9.2}% 46
\BOOKMARK [2][-]{subsection.9.3}{\376\377\000B\000o\000r\000n\217\321\117\074}{section.9}% 47
\BOOKMARK [1][-]{section.10}{\376\377\000L\000e\000c\000t\000u\000r\000e\000\040\0001\0000\000:\000\040\000S\167\351\226\065\124\214\145\143\134\004\143\057\136\105\123\346\116\000\171\315\210\150\171\072}{}% 48
\BOOKMARK [2][-]{subsection.10.1}{\376\377\000S\000t\000a\000t\000i\000o\000n\000a\000r\000y\000\040\000S\000c\000a\000t\000t\000e\000r\000i\000n\000g\000\040\000S\000t\000a\000t\000e}{section.10}% 49
\BOOKMARK [2][-]{subsection.10.2}{\376\377\000S\000\040\167\351\226\065\166\204\000T\000\040\000P\000r\000o\000d\000u\000c\000t\000i\000o\000n\210\150\171\072}{section.10}% 50
\BOOKMARK [1][-]{section.11}{\376\377\000L\000e\000c\000t\000u\000r\000e\000\040\0001\0001\000:\000\040\000P\000a\000r\000t\000i\000a\000l\000\040\000W\000a\000v\000e\000\040\000E\000x\000p\000a\000n\000s\000i\000o\000n}{}% 51
\BOOKMARK [2][-]{subsection.11.1}{\376\377\000P\000a\000r\000t\000i\000a\000l\000\040\000W\000a\000v\000e\000\040\000E\000x\000p\000a\000n\000s\000i\000o\000n\145\160\133\146\142\200\135\347}{section.11}% 52
\BOOKMARK [3][-]{subsubsection.11.1.1}{\376\377\127\372\147\054\133\232\116\111}{subsection.11.1}% 53
\BOOKMARK [3][-]{subsubsection.11.1.2}{\376\377\201\352\165\061\174\222\133\120\154\342\121\375\145\160\166\204\000P\000a\000r\000t\000i\000a\000l\000\040\000W\000a\000v\000e\000\040\000E\000x\000p\000a\000n\000s\000i\000o\000n}{subsection.11.1}% 54
\BOOKMARK [3][-]{subsubsection.11.1.3}{\376\377\145\143\134\004\000H\000a\000m\000i\000l\000t\000o\000n\000i\000a\000n\166\204\000P\000a\000r\000t\000i\000a\000l\000\040\000W\000a\000v\000e\000\040\000E\000x\000p\000a\000n\000s\000i\000o\000n}{subsection.11.1}% 55
\BOOKMARK [2][-]{subsection.11.2}{\376\377\000S\000t\000a\000t\000i\000o\000n\000a\000r\000y\000\040\000S\000c\000a\000t\000t\000e\000r\000i\000n\000g\000\040\000S\000t\000a\000t\000e\166\204\000P\000a\000r\000t\000i\000a\000l\000\040\000W\000a\000v\000e\000\040\000E\000x\000p\000a\000n\000s\000i\000o\000n}{section.11}% 56
\BOOKMARK [2][-]{subsection.11.3}{\376\377\162\171\153\212\121\375\145\160\140\047\215\050}{section.11}% 57
\BOOKMARK [2][-]{subsection.11.4}{\376\377\000Q\000u\000e\000s\000t\000i\000o\000n\000s\000\040\000a\000n\000d\000\040\000T\000h\000o\000u\000g\000h\000t\000s}{section.11}% 58
\BOOKMARK [1][-]{section.12}{\376\377\000L\000e\000c\000t\000r\000u\000r\000e\000\040\0001\0002\000:\000\040\000D\000i\000r\000a\000c\000\040\000E\000q\000u\000a\000t\000i\000o\000n\000\040\000a\000n\000d\000\040\000P\000a\000u\000l\000i\000\040\000E\000q\000u\000a\000t\000i\000o\000n}{}% 59
\BOOKMARK [2][-]{subsection.12.1}{\376\377\000R\000e\000l\000a\000t\000i\000v\000i\000s\000t\000i\000c\000\040\000S\000c\000h\000r\000o\000d\000i\000n\000g\000e\000r\000\040\000E\000q\000u\000a\000t\000i\000o\000n}{section.12}% 60
\BOOKMARK [3][-]{subsubsection.12.1.1}{\376\377\000F\000a\000i\000l\000e\000d\000\040\000A\000t\000t\000e\000m\000p\000t\000s}{subsection.12.1}% 61
\BOOKMARK [3][-]{subsubsection.12.1.2}{\376\377\000D\000i\000r\000a\000c\000\040\000E\000q\000u\000a\000t\000i\000o\000n}{subsection.12.1}% 62
\BOOKMARK [3][-]{subsubsection.12.1.3}{\376\377\000D\000i\000r\000a\000c\000\040\000E\000q\000u\000a\000t\000i\000o\000n\166\204\200\375\214\061}{subsection.12.1}% 63
\BOOKMARK [2][-]{subsection.12.2}{\376\377\000P\000a\000u\000l\000i\000\040\000E\000q\000u\000a\000t\000i\000o\000n}{section.12}% 64
\BOOKMARK [1][-]{section.13}{\376\377\000L\000e\000c\000t\000u\000r\000e\000\040\0001\0003\000:\000\040\000P\000a\000u\000l\000i\000\040\000E\000q\000u\000a\000t\000i\000o\000n\000\040\000a\000n\000d\000\040\000I\000n\000t\000r\000o\000d\000u\000c\000t\000i\000o\000n\000\040\000t\000o\000\040\000Q\000F\000T}{}% 65
\BOOKMARK [2][-]{subsection.13.1}{\376\377\000P\000a\000u\000l\000i\000\040\000E\000q\000u\000a\000t\000i\000o\000n\000\040\000I\000I}{section.13}% 66
\BOOKMARK [2][-]{subsection.13.2}{\376\377\000R\000e\000l\000a\000t\000i\000v\000i\000s\000t\000i\000c\000\040\000B\000o\000s\000o\000n\000\040\000\046\000\040\000S\000c\000a\000l\000a\000r\000\040\000F\000i\000e\000l\000d}{section.13}% 67
\BOOKMARK [2][-]{subsection.13.3}{\376\377\000R\000e\000l\000a\000t\000i\000v\000i\000s\000t\000i\000c\000\040\000F\000e\000r\000m\000i\000o\000n\000\040\000\046\000\040\000D\000i\000r\000a\000c\000\040\000F\000i\000e\000l\000d}{section.13}% 68
\BOOKMARK [1][-]{section.14}{\376\377\131\015\116\140\377\032\165\131\145\160\171\357\122\006\142\200\135\347}{}% 69
