\BOOKMARK [1][-]{section.1}{\376\377\000P\000r\000e\000l\000i\000m\000i\000n\000a\000r\000i\000e\000s\000\040\000I\000:\000\040\000T\000o\000p\000o\000l\000o\000g\000y\000\040\000a\000n\000d\000\040\000G\000e\000o\000m\000e\000t\000r\000y}{}% 1
\BOOKMARK [2][-]{subsection.1.1}{\376\377\000H\000o\000m\000e\000o\000m\000o\000r\000p\000h\000i\000s\000m\000s\000\040\000a\000n\000d\000\040\000d\000i\000f\000f\000e\000o\000m\000o\000r\000p\000h\000i\000s\000m\000s}{section.1}% 2
\BOOKMARK [2][-]{subsection.1.2}{\376\377\000M\000a\000p\000p\000i\000n\000g\000\040\000C\000l\000a\000s\000s\000\040\000G\000r\000o\000u\000p}{section.1}% 3
\BOOKMARK [3][-]{subsubsection.1.2.1}{\376\377\000I\000s\000o\000t\000o\000p\000y}{subsection.1.2}% 4
\BOOKMARK [3][-]{subsubsection.1.2.2}{\376\377\000M\000a\000p\000p\000i\000n\000g\000\040\000C\000l\000a\000s\000s\000\040\000G\000r\000o\000u\000p}{subsection.1.2}% 5
\BOOKMARK [2][-]{subsection.1.3}{\376\377\000F\000u\000n\000d\000a\000m\000e\000n\000t\000a\000l\000\040\000G\000r\000o\000u\000p}{section.1}% 6
\BOOKMARK [3][-]{subsubsection.1.3.1}{\376\377\000D\000e\000f\000i\000n\000i\000t\000i\000o\000n}{subsection.1.3}% 7
\BOOKMARK [3][-]{subsubsection.1.3.2}{\376\377\000M\000o\000r\000e\000\040\000o\000n\000\040\000P\000r\000o\000p\000e\000r\000t\000i\000e\000s}{subsection.1.3}% 8
\BOOKMARK [2][-]{subsection.1.4}{\376\377\000C\000o\000v\000e\000r\000i\000n\000g\000\040\000S\000p\000a\000c\000e}{section.1}% 9
\BOOKMARK [3][-]{subsubsection.1.4.1}{\376\377\000C\000o\000v\000e\000r\000i\000n\000g\000\040\000S\000p\000a\000c\000e\000\040\000D\000e\000f\000i\000n\000i\000t\000i\000o\000n}{subsection.1.4}% 10
\BOOKMARK [3][-]{subsubsection.1.4.2}{\376\377\000T\000o\000p\000o\000l\000o\000g\000y\000\040\000o\000f\000\040\000C\000o\000v\000e\000r\000i\000n\000g\000\040\000S\000p\000a\000c\000e}{subsection.1.4}% 11
\BOOKMARK [2][-]{subsection.1.5}{\376\377\000Q\000u\000o\000t\000i\000e\000n\000t\000\040\000S\000p\000a\000c\000e}{section.1}% 12
\BOOKMARK [3][-]{subsubsection.1.5.1}{\376\377\000Q\000u\000o\000t\000i\000e\000n\000t\000\040\000S\000p\000a\000c\000e\000\040\000D\000e\000f\000i\000n\000i\000t\000i\000o\000n}{subsection.1.5}% 13
\BOOKMARK [3][-]{subsubsection.1.5.2}{\376\377\000T\000o\000p\000o\000l\000o\000g\000y\000\040\000o\000f\000\040\000Q\000u\000o\000t\000i\000e\000n\000t\000\040\000S\000p\000a\000c\000e}{subsection.1.5}% 14
\BOOKMARK [2][-]{subsection.1.6}{\376\377\000G\000e\000o\000m\000e\000t\000i\000z\000a\000t\000i\000o\000n\000\040\000i\000n\000\040\0002\000D\000\040}{section.1}% 15
\BOOKMARK [3][-]{subsubsection.1.6.1}{\376\377\000S\000t\000a\000n\000d\000a\000r\000d\000\040\000G\000e\000o\000m\000e\000t\000r\000i\000e\000s\000\040\000i\000n\000\040\0002\000D}{subsection.1.6}% 16
\BOOKMARK [3][-]{subsubsection.1.6.2}{\376\377\000U\000n\000i\000f\000o\000r\000m\000i\000z\000a\000t\000i\000o\000n\000\040\000T\000h\000e\000o\000r\000e\000m}{subsection.1.6}% 17
\BOOKMARK [1][-]{section.2}{\376\377\000P\000r\000e\000l\000i\000m\000i\000n\000a\000r\000i\000e\000s\000\040\000I\000I\000:\000\040\000V\000i\000e\000l\000b\000e\000i\000n\000\040\000F\000o\000r\000m\000a\000l\000i\000s\000m\000\040\000o\000f\000\040\000G\000r\000a\000v\000i\000t\000y}{}% 18
\BOOKMARK [2][-]{subsection.2.1}{\376\377\000V\000i\000e\000l\000b\000e\000i\000n\000\040\000a\000s\000\040\000n\000o\000n\000-\000c\000o\000o\000r\000d\000i\000n\000a\000t\000e\000\040\000B\000a\000s\000i\000s}{section.2}% 19
\BOOKMARK [3][-]{subsubsection.2.1.1}{\376\377\000D\000e\000f\000i\000n\000i\000t\000i\000o\000n\000\040\000o\000f\000\040\000V\000i\000e\000l\000b\000e\000i\000n}{subsection.2.1}% 20
\BOOKMARK [3][-]{subsubsection.2.1.2}{\376\377\000B\000a\000s\000i\000s\000\040\000T\000r\000a\000n\000s\000f\000o\000r\000m\000a\000t\000i\000o\000n\000s\000\040\000G\000C\000T\000\040\000a\000n\000d\000\040\000L\000L\000T}{subsection.2.1}% 21
\BOOKMARK [2][-]{subsection.2.2}{\376\377\000C\000o\000v\000a\000r\000i\000a\000n\000t\000\040\000D\000e\000r\000i\000v\000a\000t\000i\000v\000e}{section.2}% 22
\BOOKMARK [3][-]{subsubsection.2.2.1}{\376\377\000S\000p\000i\000n\000\040\000C\000o\000n\000n\000e\000c\000t\000i\000o\000n}{subsection.2.2}% 23
\BOOKMARK [3][-]{subsubsection.2.2.2}{\376\377\000S\000p\000i\000n\000\040\000C\000o\000n\000n\000e\000c\000t\000i\000o\000n\000\040\000u\000n\000d\000e\000r\000\040\000L\000L\000T}{subsection.2.2}% 24
\BOOKMARK [2][-]{subsection.2.3}{\376\377\000C\000a\000r\000t\000a\000n\000\040\000S\000t\000r\000u\000c\000t\000u\000r\000e\000\040\000E\000q\000u\000a\000t\000i\000o\000n\000s}{section.2}% 25
\BOOKMARK [2][-]{subsection.2.4}{\376\377\000C\000h\000r\000i\000s\000t\000o\000f\000f\000e\000l\000\040\000S\000y\000m\000b\000o\000l}{section.2}% 26
\BOOKMARK [2][-]{subsection.2.5}{\376\377\000E\000x\000t\000r\000a\000:\000\040\000C\000o\000n\000v\000e\000n\000t\000i\000o\000n\000\040\000a\000n\000d\000\040\000D\000e\000f\000i\000n\000i\000t\000i\000o\000n\000\040\000o\000f\000\040\000D\000i\000f\000f\000e\000r\000e\000n\000t\000i\000a\000l\000\040\000F\000o\000r\000m\000s}{section.2}% 27
\BOOKMARK [1][-]{section.3}{\376\377\000P\000r\000e\000l\000i\000m\000i\000n\000a\000r\000y\000\040\000I\000I\000I\000:\000\040\0002\000+\0001\000\040\000D\000i\000m\000e\000n\000t\000i\000o\000n\000a\000l\000\040\000C\000l\000a\000s\000s\000i\000c\000a\000l\000\040\000G\000r\000a\000v\000i\000t\000y}{}% 28
\BOOKMARK [2][-]{subsection.3.1}{\376\377\000L\000o\000c\000a\000l\000\040\000S\000t\000r\000u\000c\000t\000u\000r\000e}{section.3}% 29
\BOOKMARK [2][-]{subsection.3.2}{\376\377\000G\000l\000o\000b\000a\000l\000\040\000S\000t\000r\000u\000c\000t\000u\000r\000e}{section.3}% 30
\BOOKMARK [1][-]{section.4}{\376\377\000C\000h\000e\000r\000n\000-\000S\000i\000m\000o\000n\000s\000\040\000T\000h\000e\000o\000r\000y\000\040\000a\000n\000d\000\040\000G\000r\000a\000v\000i\000t\000y\000\040\000\050\000W\000i\000t\000t\000e\000n\000\051}{}% 31
\BOOKMARK [2][-]{subsection.4.1}{\376\377\000G\000e\000o\000m\000e\000t\000r\000i\000c\000\040\000P\000h\000a\000s\000e\000\040\000S\000p\000a\000c\000e\000\040\000A\000n\000a\000l\000y\000s\000i\000s}{section.4}% 32
\BOOKMARK [3][-]{subsubsection.4.1.1}{\376\377\000D\000i\000s\000c\000u\000s\000s\000i\000o\000n\000\040\000S\000e\000t\000\040\000U\000p}{subsection.4.1}% 33
\BOOKMARK [3][-]{subsubsection.4.1.2}{\376\377\000M\000a\000n\000i\000f\000o\000l\000d\000s\000\040\000w\000i\000t\000h\000\040\000i\000n\000i\000t\000i\000a\000l\000\040\000\046\000\040\000f\000i\000n\000a\000l\000\040\000s\000i\000n\000g\000u\000l\000a\000r\000i\000t\000i\000e\000s}{subsection.4.1}% 34
\BOOKMARK [3][-]{subsubsection.4.1.3}{\376\377\000G\000e\000n\000e\000r\000a\000l\000\040\000F\000l\000a\000t\000\040\000M\000a\000n\000i\000f\000o\000l\000d\000s}{subsection.4.1}% 35
\BOOKMARK [2][-]{subsection.4.2}{\376\377\000E\000H\000\040\000A\000c\000t\000i\000o\000n\000\040\000o\000f\000\040\000V\000i\000e\000l\000b\000e\000i\000n\000\040\000F\000o\000r\000m\000a\000l\000i\000s\000m}{section.4}% 36
\BOOKMARK [2][-]{subsection.4.3}{\376\377\000C\000h\000e\000r\000n\000-\000S\000i\000m\000o\000n\000s\000\040\000T\000h\000e\000o\000r\000y}{section.4}% 37
\BOOKMARK [2][-]{subsection.4.4}{\376\377\0003\000D\000\040\000G\000r\000a\000v\000i\000t\000y\000\040\000a\000s\000\040\000C\000h\000e\000r\000n\000-\000S\000i\000m\000o\000n\000s\000\040\000T\000h\000e\000o\000r\000y}{section.4}% 38
\BOOKMARK [3][-]{subsubsection.4.4.1}{\376\377\000M\000o\000t\000i\000v\000a\000t\000i\000o\000n}{subsection.4.4}% 39
\BOOKMARK [3][-]{subsubsection.4.4.2}{\376\377\000K\000i\000l\000l\000i\000n\000g\000\040\000F\000o\000r\000m\000\040\000o\000f\000\040\000I\000S\000O\000\050\0002\000,\0001\000\051\000\040}{subsection.4.4}% 40
\BOOKMARK [3][-]{subsubsection.4.4.3}{\376\377\000R\000e\000w\000r\000i\000t\000i\000n\000g\000\040\000E\000H\000\040\000A\000c\000t\000i\000o\000n\000\040\000i\000n\000t\000o\000\040\000C\000h\000e\000r\000n\000-\000S\000i\000m\000o\000n\000s\000\040\000A\000c\000t\000i\000o\000n}{subsection.4.4}% 41
\BOOKMARK [3][-]{subsubsection.4.4.4}{\376\377\000G\000C\000T\000\040\000a\000n\000d\000\040\000L\000L\000T\000\040\000a\000s\000\040\000G\000a\000u\000g\000e\000\040\000T\000r\000a\000n\000s\000f\000o\000r\000m\000a\000t\000i\000o\000n}{subsection.4.4}% 42
\BOOKMARK [2][-]{subsection.4.5}{\376\377\0003\000D\000\040\000G\000r\000v\000a\000i\000t\000y\000\040\000a\000s\000\040\000C\000h\000e\000r\000n\000-\000S\000i\000m\000o\000n\000s\000\040\000T\000h\000e\000o\000r\000y\000:\000\040\000C\000o\000s\000m\000o\000l\000o\000g\000i\000c\000a\000l\000\040\000C\000o\000n\000s\000t\000a\000n\000t\000\040\000C\000a\000s\000e}{section.4}% 43
\BOOKMARK [3][-]{subsubsection.4.5.1}{\376\377\000R\000e\000w\000r\000i\000t\000i\000n\000g\000\040\000E\000H\000\040\000A\000c\000t\000i\000o\000n\000\040\000i\000n\000t\000o\000\040\000C\000h\000e\000r\000n\000-\000S\000i\000m\000o\000n\000s\000\040\000A\000c\000t\000i\000o\000n}{subsection.4.5}% 44
\BOOKMARK [2][-]{subsection.4.6}{\376\377\0003\000D\000\040\000G\000r\000v\000a\000i\000t\000y\000\040\000a\000s\000\040\000C\000h\000e\000r\000n\000-\000S\000i\000m\000o\000n\000s\000\040\000T\000h\000e\000o\000r\000y\000:\000\040\000A\000d\000S\000\040\000C\000a\000s\000e}{section.4}% 45
\BOOKMARK [3][-]{subsubsection.4.6.1}{\376\377\000R\000e\000w\000r\000i\000t\000i\000n\000g\000\040\000E\000H\000\040\000A\000c\000t\000i\000o\000n\000\040\000i\000n\000t\000o\000\040\000T\000w\000o\000\040\000C\000h\000e\000r\000n\000-\000S\000i\000m\000o\000n\000s\000\040\000A\000c\000t\000i\000o\000n}{subsection.4.6}% 46
\BOOKMARK [3][-]{subsubsection.4.6.2}{\376\377\000G\000C\000T\000\040\000a\000n\000d\000\040\000L\000L\000T\000\040\000a\000s\000\040\000G\000a\000u\000g\000e\000\040\000T\000r\000a\000n\000s\000f\000o\000r\000m\000a\000t\000i\000o\000n}{subsection.4.6}% 47
\BOOKMARK [1][-]{section.5}{\376\377\000Q\000u\000a\000n\000t\000i\000z\000a\000t\000i\000o\000n\000\040\000a\000n\000d\000\040\000P\000h\000a\000s\000e\000\040\000S\000p\000a\000c\000e\000\040\000A\000n\000a\000l\000y\000s\000i\000s\000\040\000\050\000W\000i\000t\000t\000e\000n\000\051}{}% 48
\BOOKMARK [2][-]{subsection.5.1}{\376\377\000C\000o\000n\000s\000t\000r\000a\000i\000n\000t\000\040\000F\000i\000r\000s\000t\000\040\000Q\000u\000a\000n\000t\000i\000z\000a\000t\000i\000o\000n}{section.5}% 49
\BOOKMARK [3][-]{subsubsection.5.1.1}{\376\377\000C\000l\000a\000s\000s\000i\000c\000a\000l\000\040\000P\000r\000e\000\040\000C\000o\000n\000s\000t\000r\000i\000a\000n\000t\000\040\000P\000h\000a\000s\000e\000\040\000S\000p\000a\000c\000e}{subsection.5.1}% 50
\BOOKMARK [3][-]{subsubsection.5.1.2}{\376\377\000C\000o\000n\000s\000t\000r\000a\000i\000n\000t\000\040\000Q\000u\000a\000n\000t\000i\000z\000a\000t\000i\000o\000n\000\040\000a\000n\000d\000\040\000P\000h\000a\000s\000e\000\040\000S\000p\000a\000c\000e}{subsection.5.1}% 51
\BOOKMARK [3][-]{subsubsection.5.1.3}{\376\377\000C\000o\000m\000p\000a\000r\000e\000\040\000w\000i\000t\000h\000\040\000G\000e\000o\000m\000e\000t\000r\000i\000c\000\040\000A\000n\000a\000l\000y\000s\000i\000s\000\040\000o\000f\000\040\000P\000h\000a\000s\000e\000\040\000S\000p\000a\000c\000e}{subsection.5.1}% 52
\BOOKMARK [2][-]{subsection.5.2}{\376\377\000R\000e\000a\000l\000\040\000P\000o\000l\000a\000r\000i\000z\000a\000t\000i\000o\000n\000\040\000Q\000u\000a\000n\000t\000i\000z\000a\000t\000i\000o\000n}{section.5}% 53
\BOOKMARK [3][-]{subsubsection.5.2.1}{\376\377\000T\000r\000u\000e\000\040\000P\000h\000a\000s\000e\000\040\000S\000p\000a\000c\000e\000\040\000a\000s\000\040\000C\000o\000t\000a\000n\000g\000e\000n\000t\000\040\000B\000u\000n\000d\000l\000e}{subsection.5.2}% 54
\BOOKMARK [3][-]{subsubsection.5.2.2}{\376\377\000H\000i\000l\000b\000e\000r\000t\000\040\000S\000p\000a\000c\000e}{subsection.5.2}% 55
\BOOKMARK [2][-]{subsection.5.3}{\376\377\000K\000a\000h\000l\000e\000r\000\040\000P\000o\000l\000a\000r\000i\000z\000a\000t\000i\000o\000n\000\040\000Q\000u\000a\000n\000t\000i\000z\000a\000t\000i\000o\000n}{section.5}% 56
\BOOKMARK [1][-]{section.6}{\376\377\000A\000d\000S\0003\000\040\000P\000h\000a\000s\000e\000\040\000S\000p\000a\000c\000e}{}% 57
